../Core/Src/main.c:66:1:__io_putchar	16	static
../Core/Src/main.c:86:10:MAP	24	static
../Core/Src/main.c:93:6:checkTemp	16	static
../Core/Src/main.c:105:6:changeColor	16	static
../Core/Src/main.c:170:5:main	16	static
../Core/Src/main.c:229:6:SystemClock_Config	88	static
../Core/Src/main.c:271:13:MX_ADC2_Init	24	static
../Core/Src/main.c:323:13:MX_TIM6_Init	16	static
../Core/Src/main.c:361:13:MX_USART3_UART_Init	8	static
../Core/Src/main.c:394:13:MX_GPIO_Init	40	static
../Core/Src/main.c:436:6:Error_Handler	4	static,ignoring_inline_asm
