17:49:35 **** Incremental Build of configuration Debug for project spi ****
make -j8 all 
arm-none-eabi-gcc "../Core/Src/main.c" -mcpu=cortex-m4 -std=gnu11 -g3 -DDEBUG -DUSE_HAL_DRIVER -DSTM32F407xx -c -I../Core/Inc -I../Drivers/STM32F4xx_HAL_Driver/Inc -I../Drivers/STM32F4xx_HAL_Driver/Inc/Legacy -I../Drivers/CMSIS/Device/ST/STM32F4xx/Include -I../Drivers/CMSIS/Include -O0 -ffunction-sections -fdata-sections -Wall -fstack-usage -MMD -MP -MF"Core/Src/main.d" -MT"Core/Src/main.o" --specs=nano.specs -mfpu=fpv4-sp-d16 -mfloat-abi=hard -mthumb -o "Core/Src/main.o"
arm-none-eabi-gcc "../Core/Src/stm32f4xx_hal_msp.c" -mcpu=cortex-m4 -std=gnu11 -g3 -DDEBUG -DUSE_HAL_DRIVER -DSTM32F407xx -c -I../Core/Inc -I../Drivers/STM32F4xx_HAL_Driver/Inc -I../Drivers/STM32F4xx_HAL_Driver/Inc/Legacy -I../Drivers/CMSIS/Device/ST/STM32F4xx/Include -I../Drivers/CMSIS/Include -O0 -ffunction-sections -fdata-sections -Wall -fstack-usage -MMD -MP -MF"Core/Src/stm32f4xx_hal_msp.d" -MT"Core/Src/stm32f4xx_hal_msp.o" --specs=nano.specs -mfpu=fpv4-sp-d16 -mfloat-abi=hard -mthumb -o "Core/Src/stm32f4xx_hal_msp.o"
arm-none-eabi-gcc "../Core/Src/stm32f4xx_it.c" -mcpu=cortex-m4 -std=gnu11 -g3 -DDEBUG -DUSE_HAL_DRIVER -DSTM32F407xx -c -I../Core/Inc -I../Drivers/STM32F4xx_HAL_Driver/Inc -I../Drivers/STM32F4xx_HAL_Driver/Inc/Legacy -I../Drivers/CMSIS/Device/ST/STM32F4xx/Include -I../Drivers/CMSIS/Include -O0 -ffunction-sections -fdata-sections -Wall -fstack-usage -MMD -MP -MF"Core/Src/stm32f4xx_it.d" -MT"Core/Src/stm32f4xx_it.o" --specs=nano.specs -mfpu=fpv4-sp-d16 -mfloat-abi=hard -mthumb -o "Core/Src/stm32f4xx_it.o"
../Core/Src/main.c: In function 'flashChipErase':
../Core/Src/main.c:171:2: warning: implicit declaration of function 'printf' [-Wimplicit-function-declaration]
  171 |  printf("Erasing whole flash SPI chip\r\n");
      |  ^~~~~~
../Core/Src/main.c:171:2: warning: incompatible implicit declaration of built-in function 'printf'
../Core/Src/main.c:21:1: note: include '<stdio.h>' or provide a declaration of 'printf'
   20 | #include "main.h"
  +++ |+#include <stdio.h>
   21 | 
../Core/Src/main.c: In function 'flashReadTimeCapsule':
../Core/Src/main.c:181:2: warning: incompatible implicit declaration of built-in function 'printf'
  181 |  printf("Reading data from Time Capsule\r\n");
      |  ^~~~~~
../Core/Src/main.c:181:2: note: include '<stdio.h>' or provide a declaration of 'printf'
../Core/Src/main.c: In function 'flashReadData':
../Core/Src/main.c:196:3: warning: incompatible implicit declaration of built-in function 'printf'
  196 |   printf("Line %d: ", sector_addr_curr);      //let's name it for user "line" instead of "sector", that's more convenient ;)
      |   ^~~~~~
../Core/Src/main.c:196:3: note: include '<stdio.h>' or provide a declaration of 'printf'
../Core/Src/main.c: In function 'flashWriteTimeCapsule':
../Core/Src/main.c:210:2: warning: incompatible implicit declaration of built-in function 'printf'
  210 |  printf("Writing the Time Capsule data\r\n");
      |  ^~~~~~
../Core/Src/main.c:210:2: note: include '<stdio.h>' or provide a declaration of 'printf'
../Core/Src/main.c: In function 'flashWriteDataToSector':
../Core/Src/main.c:226:3: warning: incompatible implicit declaration of built-in function 'printf'
  226 |   printf("\r\n>>! Error. The data is too long. Maximum data length is 4092 symbols !<<\r\n");
      |   ^~~~~~
../Core/Src/main.c:226:3: note: include '<stdio.h>' or provide a declaration of 'printf'
../Core/Src/main.c:231:3: warning: incompatible implicit declaration of built-in function 'printf'
  231 |   printf("\r\n>>! Error. The end of memory !<<\r\n");
      |   ^~~~~~
../Core/Src/main.c:231:3: note: include '<stdio.h>' or provide a declaration of 'printf'
../Core/Src/main.c:246:2: warning: incompatible implicit declaration of built-in function 'printf'
  246 |  printf("Line %d has been written with %d printable symbols\r\n", sector_addr, symbolsCounter);
      |  ^~~~~~
../Core/Src/main.c:246:2: note: include '<stdio.h>' or provide a declaration of 'printf'
arm-none-eabi-gcc -o "spi.elf" @"objects.list"   -mcpu=cortex-m4 -T"C:\Users\user\Desktop\GL_tasks\workshop_7\spi\STM32F407VGTX_FLASH.ld" --specs=nosys.specs -Wl,-Map="spi.map" -Wl,--gc-sections -static --specs=nano.specs -mfpu=fpv4-sp-d16 -mfloat-abi=hard -mthumb -Wl,--start-group -lc -lm -Wl,--end-group
Finished building target: spi.elf
 
arm-none-eabi-size   spi.elf 
arm-none-eabi-objdump -h -S  spi.elf  > "spi.list"
   text	   data	    bss	    dec	    hex	filename
  17044	    128	   5848	  23020	   59ec	spi.elf
Finished building: default.size.stdout
 
Finished building: spi.list
 
18:02:24 **** Incremental Build of configuration Debug for project spi ****
make -j8 all 
arm-none-eabi-gcc "../Core/Src/main.c" -mcpu=cortex-m4 -std=gnu11 -g3 -DDEBUG -DUSE_HAL_DRIVER -DSTM32F407xx -c -I../Core/Inc -I../Drivers/STM32F4xx_HAL_Driver/Inc -I../Drivers/STM32F4xx_HAL_Driver/Inc/Legacy -I../Drivers/CMSIS/Device/ST/STM32F4xx/Include -I../Drivers/CMSIS/Include -O0 -ffunction-sections -fdata-sections -Wall -fstack-usage -MMD -MP -MF"Core/Src/main.d" -MT"Core/Src/main.o" --specs=nano.specs -mfpu=fpv4-sp-d16 -mfloat-abi=hard -mthumb -o "Core/Src/main.o"
../Core/Src/main.c:150:13: error: static declaration of 'HAL_GPIO_EXTI_Callback' follows non-static declaration
  150 | static void HAL_GPIO_EXTI_Callback(uint16_t GPIO_Pin) {
      |             ^~~~~~~~~~~~~~~~~~~~~~
../Core/Src/main.c:117:6: note: previous declaration of 'HAL_GPIO_EXTI_Callback' was here
  117 | void HAL_GPIO_EXTI_Callback(uint16_t GPIO_Pin);
      |      ^~~~~~~~~~~~~~~~~~~~~~
../Core/Src/main.c: In function 'flashChipErase':
../Core/Src/main.c:172:2: warning: implicit declaration of function 'printf' [-Wimplicit-function-declaration]
  172 |  printf("Erasing whole flash SPI chip\r\n");
      |  ^~~~~~
../Core/Src/main.c:172:2: warning: incompatible implicit declaration of built-in function 'printf'
../Core/Src/main.c:21:1: note: include '<stdio.h>' or provide a declaration of 'printf'
   20 | #include "main.h"
  +++ |+#include <stdio.h>
   21 | 
../Core/Src/main.c: In function 'flashReadTimeCapsule':
../Core/Src/main.c:182:2: warning: incompatible implicit declaration of built-in function 'printf'
  182 |  printf("Reading data from Time Capsule\r\n");
      |  ^~~~~~
../Core/Src/main.c:182:2: note: include '<stdio.h>' or provide a declaration of 'printf'
../Core/Src/main.c: In function 'flashReadData':
../Core/Src/main.c:197:3: warning: incompatible implicit declaration of built-in function 'printf'
  197 |   printf("Line %d: ", sector_addr_curr);      //let's name it for user "line" instead of "sector", that's more convenient ;)
      |   ^~~~~~
../Core/Src/main.c:197:3: note: include '<stdio.h>' or provide a declaration of 'printf'
../Core/Src/main.c: In function 'flashWriteTimeCapsule':
../Core/Src/main.c:211:2: warning: incompatible implicit declaration of built-in function 'printf'
  211 |  printf("Writing the Time Capsule data\r\n");
      |  ^~~~~~
../Core/Src/main.c:211:2: note: include '<stdio.h>' or provide a declaration of 'printf'
../Core/Src/main.c: In function 'flashWriteDataToSector':
../Core/Src/main.c:227:3: warning: incompatible implicit declaration of built-in function 'printf'
  227 |   printf("\r\n>>! Error. The data is too long. Maximum data length is 4092 symbols !<<\r\n");
      |   ^~~~~~
../Core/Src/main.c:227:3: note: include '<stdio.h>' or provide a declaration of 'printf'
../Core/Src/main.c:232:3: warning: incompatible implicit declaration of built-in function 'printf'
  232 |   printf("\r\n>>! Error. The end of memory !<<\r\n");
      |   ^~~~~~
../Core/Src/main.c:232:3: note: include '<stdio.h>' or provide a declaration of 'printf'
../Core/Src/main.c:247:2: warning: incompatible implicit declaration of built-in function 'printf'
  247 |  printf("Line %d has been written with %d printable symbols\r\n", sector_addr, symbolsCounter);
      |  ^~~~~~
../Core/Src/main.c:247:2: note: include '<stdio.h>' or provide a declaration of 'printf'
At top level:
../Core/Src/main.c:150:13: warning: 'HAL_GPIO_EXTI_Callback' defined but not used [-Wunused-function]
  150 | static void HAL_GPIO_EXTI_Callback(uint16_t GPIO_Pin) {
      |             ^~~~~~~~~~~~~~~~~~~~~~
make: *** [Core/Src/subdir.mk:34: Core/Src/main.o] Error 1
"make -j8 all" terminated with exit code 2. Build might be incomplete.
18:02:55 **** Incremental Build of configuration Debug for project spi ****
make -j8 all 
arm-none-eabi-gcc "../Core/Src/main.c" -mcpu=cortex-m4 -std=gnu11 -g3 -DDEBUG -DUSE_HAL_DRIVER -DSTM32F407xx -c -I../Core/Inc -I../Drivers/STM32F4xx_HAL_Driver/Inc -I../Drivers/STM32F4xx_HAL_Driver/Inc/Legacy -I../Drivers/CMSIS/Device/ST/STM32F4xx/Include -I../Drivers/CMSIS/Include -O0 -ffunction-sections -fdata-sections -Wall -fstack-usage -MMD -MP -MF"Core/Src/main.d" -MT"Core/Src/main.o" --specs=nano.specs -mfpu=fpv4-sp-d16 -mfloat-abi=hard -mthumb -o "Core/Src/main.o"
../Core/Src/main.c: In function 'flashChipErase':
../Core/Src/main.c:172:2: warning: implicit declaration of function 'printf' [-Wimplicit-function-declaration]
  172 |  printf("Erasing whole flash SPI chip\r\n");
      |  ^~~~~~
../Core/Src/main.c:172:2: warning: incompatible implicit declaration of built-in function 'printf'
../Core/Src/main.c:21:1: note: include '<stdio.h>' or provide a declaration of 'printf'
   20 | #include "main.h"
  +++ |+#include <stdio.h>
   21 | 
../Core/Src/main.c: In function 'flashReadTimeCapsule':
../Core/Src/main.c:182:2: warning: incompatible implicit declaration of built-in function 'printf'
  182 |  printf("Reading data from Time Capsule\r\n");
      |  ^~~~~~
../Core/Src/main.c:182:2: note: include '<stdio.h>' or provide a declaration of 'printf'
../Core/Src/main.c: In function 'flashReadData':
../Core/Src/main.c:197:3: warning: incompatible implicit declaration of built-in function 'printf'
  197 |   printf("Line %d: ", sector_addr_curr);      //let's name it for user "line" instead of "sector", that's more convenient ;)
      |   ^~~~~~
../Core/Src/main.c:197:3: note: include '<stdio.h>' or provide a declaration of 'printf'
../Core/Src/main.c: In function 'flashWriteTimeCapsule':
../Core/Src/main.c:211:2: warning: incompatible implicit declaration of built-in function 'printf'
  211 |  printf("Writing the Time Capsule data\r\n");
      |  ^~~~~~
../Core/Src/main.c:211:2: note: include '<stdio.h>' or provide a declaration of 'printf'
../Core/Src/main.c: In function 'flashWriteDataToSector':
../Core/Src/main.c:227:3: warning: incompatible implicit declaration of built-in function 'printf'
  227 |   printf("\r\n>>! Error. The data is too long. Maximum data length is 4092 symbols !<<\r\n");
      |   ^~~~~~
../Core/Src/main.c:227:3: note: include '<stdio.h>' or provide a declaration of 'printf'
../Core/Src/main.c:232:3: warning: incompatible implicit declaration of built-in function 'printf'
  232 |   printf("\r\n>>! Error. The end of memory !<<\r\n");
      |   ^~~~~~
../Core/Src/main.c:232:3: note: include '<stdio.h>' or provide a declaration of 'printf'
../Core/Src/main.c:247:2: warning: incompatible implicit declaration of built-in function 'printf'
  247 |  printf("Line %d has been written with %d printable symbols\r\n", sector_addr, symbolsCounter);
      |  ^~~~~~
../Core/Src/main.c:247:2: note: include '<stdio.h>' or provide a declaration of 'printf'
arm-none-eabi-gcc -o "spi.elf" @"objects.list"   -mcpu=cortex-m4 -T"C:\Users\user\Desktop\GL_tasks\workshop_7\spi\STM32F407VGTX_FLASH.ld" --specs=nosys.specs -Wl,-Map="spi.map" -Wl,--gc-sections -static --specs=nano.specs -mfpu=fpv4-sp-d16 -mfloat-abi=hard -mthumb -Wl,--start-group -lc -lm -Wl,--end-group
Finished building target: spi.elf
 
arm-none-eabi-size   spi.elf 
arm-none-eabi-objdump -h -S  spi.elf  > "spi.list"
   text	   data	    bss	    dec	    hex	filename
  17100	    128	   5848	  23076	   5a24	spi.elf
Finished building: default.size.stdout
 
Finished building: spi.list
 
18:04:40 **** Incremental Build of configuration Debug for project spi ****
make -j8 all 
arm-none-eabi-gcc "../Core/Src/main.c" -mcpu=cortex-m4 -std=gnu11 -g3 -DDEBUG -DUSE_HAL_DRIVER -DSTM32F407xx -c -I../Core/Inc -I../Drivers/STM32F4xx_HAL_Driver/Inc -I../Drivers/STM32F4xx_HAL_Driver/Inc/Legacy -I../Drivers/CMSIS/Device/ST/STM32F4xx/Include -I../Drivers/CMSIS/Include -O0 -ffunction-sections -fdata-sections -Wall -fstack-usage -MMD -MP -MF"Core/Src/main.d" -MT"Core/Src/main.o" --specs=nano.specs -mfpu=fpv4-sp-d16 -mfloat-abi=hard -mthumb -o "Core/Src/main.o"
../Core/Src/main.c: In function 'HAL_GPIO_EXTI_Callback':
../Core/Src/main.c:154:3: warning: implicit declaration of function 'printf' [-Wimplicit-function-declaration]
  154 |   printf("11111\r\n");
      |   ^~~~~~
../Core/Src/main.c:154:3: warning: incompatible implicit declaration of built-in function 'printf'
../Core/Src/main.c:21:1: note: include '<stdio.h>' or provide a declaration of 'printf'
   20 | #include "main.h"
  +++ |+#include <stdio.h>
   21 | 
../Core/Src/main.c: In function 'flashChipErase':
../Core/Src/main.c:175:2: warning: incompatible implicit declaration of built-in function 'printf'
  175 |  printf("Erasing whole flash SPI chip\r\n");
      |  ^~~~~~
../Core/Src/main.c:175:2: note: include '<stdio.h>' or provide a declaration of 'printf'
../Core/Src/main.c: In function 'flashReadTimeCapsule':
../Core/Src/main.c:185:2: warning: incompatible implicit declaration of built-in function 'printf'
  185 |  printf("Reading data from Time Capsule\r\n");
      |  ^~~~~~
../Core/Src/main.c:185:2: note: include '<stdio.h>' or provide a declaration of 'printf'
../Core/Src/main.c: In function 'flashReadData':
../Core/Src/main.c:200:3: warning: incompatible implicit declaration of built-in function 'printf'
  200 |   printf("Line %d: ", sector_addr_curr);      //let's name it for user "line" instead of "sector", that's more convenient ;)
      |   ^~~~~~
../Core/Src/main.c:200:3: note: include '<stdio.h>' or provide a declaration of 'printf'
../Core/Src/main.c: In function 'flashWriteTimeCapsule':
../Core/Src/main.c:214:2: warning: incompatible implicit declaration of built-in function 'printf'
  214 |  printf("Writing the Time Capsule data\r\n");
      |  ^~~~~~
../Core/Src/main.c:214:2: note: include '<stdio.h>' or provide a declaration of 'printf'
../Core/Src/main.c: In function 'flashWriteDataToSector':
../Core/Src/main.c:230:3: warning: incompatible implicit declaration of built-in function 'printf'
  230 |   printf("\r\n>>! Error. The data is too long. Maximum data length is 4092 symbols !<<\r\n");
      |   ^~~~~~
../Core/Src/main.c:230:3: note: include '<stdio.h>' or provide a declaration of 'printf'
../Core/Src/main.c:235:3: warning: incompatible implicit declaration of built-in function 'printf'
  235 |   printf("\r\n>>! Error. The end of memory !<<\r\n");
      |   ^~~~~~
../Core/Src/main.c:235:3: note: include '<stdio.h>' or provide a declaration of 'printf'
../Core/Src/main.c:250:2: warning: incompatible implicit declaration of built-in function 'printf'
  250 |  printf("Line %d has been written with %d printable symbols\r\n", sector_addr, symbolsCounter);
      |  ^~~~~~
../Core/Src/main.c:250:2: note: include '<stdio.h>' or provide a declaration of 'printf'
arm-none-eabi-gcc -o "spi.elf" @"objects.list"   -mcpu=cortex-m4 -T"C:\Users\user\Desktop\GL_tasks\workshop_7\spi\STM32F407VGTX_FLASH.ld" --specs=nosys.specs -Wl,-Map="spi.map" -Wl,--gc-sections -static --specs=nano.specs -mfpu=fpv4-sp-d16 -mfloat-abi=hard -mthumb -Wl,--start-group -lc -lm -Wl,--end-group
Finished building target: spi.elf
 
arm-none-eabi-size   spi.elf 
arm-none-eabi-objdump -h -S  spi.elf  > "spi.list"
   text	   data	    bss	    dec	    hex	filename
  17152	    128	   5848	  23128	   5a58	spi.elf
Finished building: default.size.stdout
 
Finished building: spi.list
 
18:10:46 **** Incremental Build of configuration Debug for project spi ****
make -j8 all 
arm-none-eabi-gcc "../Core/Src/main.c" -mcpu=cortex-m4 -std=gnu11 -g3 -DDEBUG -DUSE_HAL_DRIVER -DSTM32F407xx -c -I../Core/Inc -I../Drivers/STM32F4xx_HAL_Driver/Inc -I../Drivers/STM32F4xx_HAL_Driver/Inc/Legacy -I../Drivers/CMSIS/Device/ST/STM32F4xx/Include -I../Drivers/CMSIS/Include -O0 -ffunction-sections -fdata-sections -Wall -fstack-usage -MMD -MP -MF"Core/Src/main.d" -MT"Core/Src/main.o" --specs=nano.specs -mfpu=fpv4-sp-d16 -mfloat-abi=hard -mthumb -o "Core/Src/main.o"
../Core/Src/main.c: In function 'HAL_GPIO_EXTI_Callback':
../Core/Src/main.c:155:3: warning: implicit declaration of function 'printf' [-Wimplicit-function-declaration]
  155 |   printf("11111\r\n");
      |   ^~~~~~
../Core/Src/main.c:155:3: warning: incompatible implicit declaration of built-in function 'printf'
../Core/Src/main.c:21:1: note: include '<stdio.h>' or provide a declaration of 'printf'
   20 | #include "main.h"
  +++ |+#include <stdio.h>
   21 | 
../Core/Src/main.c: In function 'flashChipErase':
../Core/Src/main.c:176:2: warning: incompatible implicit declaration of built-in function 'printf'
  176 |  printf("Erasing whole flash SPI chip\r\n");
      |  ^~~~~~
../Core/Src/main.c:176:2: note: include '<stdio.h>' or provide a declaration of 'printf'
../Core/Src/main.c: In function 'flashReadTimeCapsule':
../Core/Src/main.c:186:2: warning: incompatible implicit declaration of built-in function 'printf'
  186 |  printf("Reading data from Time Capsule\r\n");
      |  ^~~~~~
../Core/Src/main.c:186:2: note: include '<stdio.h>' or provide a declaration of 'printf'
../Core/Src/main.c: In function 'flashReadData':
../Core/Src/main.c:201:3: warning: incompatible implicit declaration of built-in function 'printf'
  201 |   printf("Line %d: ", sector_addr_curr);      //let's name it for user "line" instead of "sector", that's more convenient ;)
      |   ^~~~~~
../Core/Src/main.c:201:3: note: include '<stdio.h>' or provide a declaration of 'printf'
../Core/Src/main.c: In function 'flashWriteTimeCapsule':
../Core/Src/main.c:215:2: warning: incompatible implicit declaration of built-in function 'printf'
  215 |  printf("Writing the Time Capsule data\r\n");
      |  ^~~~~~
../Core/Src/main.c:215:2: note: include '<stdio.h>' or provide a declaration of 'printf'
../Core/Src/main.c: In function 'flashWriteDataToSector':
../Core/Src/main.c:231:3: warning: incompatible implicit declaration of built-in function 'printf'
  231 |   printf("\r\n>>! Error. The data is too long. Maximum data length is 4092 symbols !<<\r\n");
      |   ^~~~~~
../Core/Src/main.c:231:3: note: include '<stdio.h>' or provide a declaration of 'printf'
../Core/Src/main.c:236:3: warning: incompatible implicit declaration of built-in function 'printf'
  236 |   printf("\r\n>>! Error. The end of memory !<<\r\n");
      |   ^~~~~~
../Core/Src/main.c:236:3: note: include '<stdio.h>' or provide a declaration of 'printf'
../Core/Src/main.c:251:2: warning: incompatible implicit declaration of built-in function 'printf'
  251 |  printf("Line %d has been written with %d printable symbols\r\n", sector_addr, symbolsCounter);
      |  ^~~~~~
../Core/Src/main.c:251:2: note: include '<stdio.h>' or provide a declaration of 'printf'
../Core/Src/main.c: At top level:
../Core/Src/main.c:24: error: unterminated #ifdef
   24 | #ifdef __GNUC__
      | 
make: *** [Core/Src/subdir.mk:34: Core/Src/main.o] Error 1
"make -j8 all" terminated with exit code 2. Build might be incomplete.
18:11:25 **** Incremental Build of configuration Debug for project spi ****
make -j8 all 
arm-none-eabi-gcc "../Core/Src/main.c" -mcpu=cortex-m4 -std=gnu11 -g3 -DDEBUG -DUSE_HAL_DRIVER -DSTM32F407xx -c -I../Core/Inc -I../Drivers/STM32F4xx_HAL_Driver/Inc -I../Drivers/STM32F4xx_HAL_Driver/Inc/Legacy -I../Drivers/CMSIS/Device/ST/STM32F4xx/Include -I../Drivers/CMSIS/Include -O0 -ffunction-sections -fdata-sections -Wall -fstack-usage -MMD -MP -MF"Core/Src/main.d" -MT"Core/Src/main.o" --specs=nano.specs -mfpu=fpv4-sp-d16 -mfloat-abi=hard -mthumb -o "Core/Src/main.o"
../Core/Src/main.c: In function 'HAL_GPIO_EXTI_Callback':
../Core/Src/main.c:156:3: warning: implicit declaration of function 'printf' [-Wimplicit-function-declaration]
  156 |   printf("11111\r\n");
      |   ^~~~~~
../Core/Src/main.c:156:3: warning: incompatible implicit declaration of built-in function 'printf'
../Core/Src/main.c:21:1: note: include '<stdio.h>' or provide a declaration of 'printf'
   20 | #include "main.h"
  +++ |+#include <stdio.h>
   21 | 
../Core/Src/main.c: In function 'flashChipErase':
../Core/Src/main.c:177:2: warning: incompatible implicit declaration of built-in function 'printf'
  177 |  printf("Erasing whole flash SPI chip\r\n");
      |  ^~~~~~
../Core/Src/main.c:177:2: note: include '<stdio.h>' or provide a declaration of 'printf'
../Core/Src/main.c: In function 'flashReadTimeCapsule':
../Core/Src/main.c:187:2: warning: incompatible implicit declaration of built-in function 'printf'
  187 |  printf("Reading data from Time Capsule\r\n");
      |  ^~~~~~
../Core/Src/main.c:187:2: note: include '<stdio.h>' or provide a declaration of 'printf'
../Core/Src/main.c: In function 'flashReadData':
../Core/Src/main.c:202:3: warning: incompatible implicit declaration of built-in function 'printf'
  202 |   printf("Line %d: ", sector_addr_curr);      //let's name it for user "line" instead of "sector", that's more convenient ;)
      |   ^~~~~~
../Core/Src/main.c:202:3: note: include '<stdio.h>' or provide a declaration of 'printf'
../Core/Src/main.c: In function 'flashWriteTimeCapsule':
../Core/Src/main.c:216:2: warning: incompatible implicit declaration of built-in function 'printf'
  216 |  printf("Writing the Time Capsule data\r\n");
      |  ^~~~~~
../Core/Src/main.c:216:2: note: include '<stdio.h>' or provide a declaration of 'printf'
../Core/Src/main.c: In function 'flashWriteDataToSector':
../Core/Src/main.c:232:3: warning: incompatible implicit declaration of built-in function 'printf'
  232 |   printf("\r\n>>! Error. The data is too long. Maximum data length is 4092 symbols !<<\r\n");
      |   ^~~~~~
../Core/Src/main.c:232:3: note: include '<stdio.h>' or provide a declaration of 'printf'
../Core/Src/main.c:237:3: warning: incompatible implicit declaration of built-in function 'printf'
  237 |   printf("\r\n>>! Error. The end of memory !<<\r\n");
      |   ^~~~~~
../Core/Src/main.c:237:3: note: include '<stdio.h>' or provide a declaration of 'printf'
../Core/Src/main.c:252:2: warning: incompatible implicit declaration of built-in function 'printf'
  252 |  printf("Line %d has been written with %d printable symbols\r\n", sector_addr, symbolsCounter);
      |  ^~~~~~
../Core/Src/main.c:252:2: note: include '<stdio.h>' or provide a declaration of 'printf'
arm-none-eabi-gcc -o "spi.elf" @"objects.list"   -mcpu=cortex-m4 -T"C:\Users\user\Desktop\GL_tasks\workshop_7\spi\STM32F407VGTX_FLASH.ld" --specs=nosys.specs -Wl,-Map="spi.map" -Wl,--gc-sections -static --specs=nano.specs -mfpu=fpv4-sp-d16 -mfloat-abi=hard -mthumb -Wl,--start-group -lc -lm -Wl,--end-group
Finished building target: spi.elf
 
arm-none-eabi-size   spi.elf 
arm-none-eabi-objdump -h -S  spi.elf  > "spi.list"
   text	   data	    bss	    dec	    hex	filename
  17152	    128	   5848	  23128	   5a58	spi.elf
Finished building: default.size.stdout
 
Finished building: spi.list
 
18:12:57 **** Incremental Build of configuration Debug for project spi ****
make -j8 all 
arm-none-eabi-gcc "../Core/Src/main.c" -mcpu=cortex-m4 -std=gnu11 -g3 -DDEBUG -DUSE_HAL_DRIVER -DSTM32F407xx -c -I../Core/Inc -I../Drivers/STM32F4xx_HAL_Driver/Inc -I../Drivers/STM32F4xx_HAL_Driver/Inc/Legacy -I../Drivers/CMSIS/Device/ST/STM32F4xx/Include -I../Drivers/CMSIS/Include -O0 -ffunction-sections -fdata-sections -Wall -fstack-usage -MMD -MP -MF"Core/Src/main.d" -MT"Core/Src/main.o" --specs=nano.specs -mfpu=fpv4-sp-d16 -mfloat-abi=hard -mthumb -o "Core/Src/main.o"
arm-none-eabi-gcc -o "spi.elf" @"objects.list"   -mcpu=cortex-m4 -T"C:\Users\user\Desktop\GL_tasks\workshop_7\spi\STM32F407VGTX_FLASH.ld" --specs=nosys.specs -Wl,-Map="spi.map" -Wl,--gc-sections -static --specs=nano.specs -mfpu=fpv4-sp-d16 -mfloat-abi=hard -mthumb -Wl,--start-group -lc -lm -Wl,--end-group
Finished building target: spi.elf
 
arm-none-eabi-size   spi.elf 
arm-none-eabi-objdump -h -S  spi.elf  > "spi.list"
   text	   data	    bss	    dec	    hex	filename
  17152	    128	   5848	  23128	   5a58	spi.elf
Finished building: default.size.stdout
 
Finished building: spi.list
 
18:14:34 **** Incremental Build of configuration Debug for project spi ****
make -j8 all 
arm-none-eabi-gcc "../Core/Src/main.c" -mcpu=cortex-m4 -std=gnu11 -g3 -DDEBUG -DUSE_HAL_DRIVER -DSTM32F407xx -c -I../Core/Inc -I../Drivers/STM32F4xx_HAL_Driver/Inc -I../Drivers/STM32F4xx_HAL_Driver/Inc/Legacy -I../Drivers/CMSIS/Device/ST/STM32F4xx/Include -I../Drivers/CMSIS/Include -O0 -ffunction-sections -fdata-sections -Wall -fstack-usage -MMD -MP -MF"Core/Src/main.d" -MT"Core/Src/main.o" --specs=nano.specs -mfpu=fpv4-sp-d16 -mfloat-abi=hard -mthumb -o "Core/Src/main.o"
arm-none-eabi-gcc -o "spi.elf" @"objects.list"   -mcpu=cortex-m4 -T"C:\Users\user\Desktop\GL_tasks\workshop_7\spi\STM32F407VGTX_FLASH.ld" --specs=nosys.specs -Wl,-Map="spi.map" -Wl,--gc-sections -static --specs=nano.specs -mfpu=fpv4-sp-d16 -mfloat-abi=hard -mthumb -Wl,--start-group -lc -lm -Wl,--end-group
Finished building target: spi.elf
 
arm-none-eabi-size   spi.elf 
arm-none-eabi-objdump -h -S  spi.elf  > "spi.list"
   text	   data	    bss	    dec	    hex	filename
  17176	    128	   5848	  23152	   5a70	spi.elf
Finished building: default.size.stdout
 
Finished building: spi.list
 
18:17:22 **** Incremental Build of configuration Debug for project spi ****
make -j8 all 
arm-none-eabi-gcc "../Core/Src/main.c" -mcpu=cortex-m4 -std=gnu11 -g3 -DDEBUG -DUSE_HAL_DRIVER -DSTM32F407xx -c -I../Core/Inc -I../Drivers/STM32F4xx_HAL_Driver/Inc -I../Drivers/STM32F4xx_HAL_Driver/Inc/Legacy -I../Drivers/CMSIS/Device/ST/STM32F4xx/Include -I../Drivers/CMSIS/Include -O0 -ffunction-sections -fdata-sections -Wall -fstack-usage -MMD -MP -MF"Core/Src/main.d" -MT"Core/Src/main.o" --specs=nano.specs -mfpu=fpv4-sp-d16 -mfloat-abi=hard -mthumb -o "Core/Src/main.o"
../Core/Src/main.c: In function '__io_putchar':
../Core/Src/main.c:33:22: error: 'huart3' undeclared (first use in this function)
   33 |   HAL_UART_Transmit(&huart3, (uint8_t *)&ch, 1, HAL_MAX_DELAY);
      |                      ^~~~~~
../Core/Src/main.c:33:22: note: each undeclared identifier is reported only once for each function it appears in
../Core/Src/main.c: In function 'HAL_GPIO_EXTI_Callback':
../Core/Src/main.c:165:3: warning: implicit declaration of function 'printf' [-Wimplicit-function-declaration]
  165 |   printf("11111\r\n");
      |   ^~~~~~
../Core/Src/main.c:165:3: warning: incompatible implicit declaration of built-in function 'printf'
../Core/Src/main.c:21:1: note: include '<stdio.h>' or provide a declaration of 'printf'
   20 | #include "main.h"
  +++ |+#include <stdio.h>
   21 | 
../Core/Src/main.c: In function 'flashChipErase':
../Core/Src/main.c:186:2: warning: incompatible implicit declaration of built-in function 'printf'
  186 |  printf("Erasing whole flash SPI chip\r\n");
      |  ^~~~~~
../Core/Src/main.c:186:2: note: include '<stdio.h>' or provide a declaration of 'printf'
../Core/Src/main.c: In function 'flashReadTimeCapsule':
../Core/Src/main.c:196:2: warning: incompatible implicit declaration of built-in function 'printf'
  196 |  printf("Reading data from Time Capsule\r\n");
      |  ^~~~~~
../Core/Src/main.c:196:2: note: include '<stdio.h>' or provide a declaration of 'printf'
../Core/Src/main.c: In function 'flashReadData':
../Core/Src/main.c:211:3: warning: incompatible implicit declaration of built-in function 'printf'
  211 |   printf("Line %d: ", sector_addr_curr);      //let's name it for user "line" instead of "sector", that's more convenient ;)
      |   ^~~~~~
../Core/Src/main.c:211:3: note: include '<stdio.h>' or provide a declaration of 'printf'
../Core/Src/main.c: In function 'flashWriteTimeCapsule':
../Core/Src/main.c:225:2: warning: incompatible implicit declaration of built-in function 'printf'
  225 |  printf("Writing the Time Capsule data\r\n");
      |  ^~~~~~
../Core/Src/main.c:225:2: note: include '<stdio.h>' or provide a declaration of 'printf'
../Core/Src/main.c: In function 'flashWriteDataToSector':
../Core/Src/main.c:241:3: warning: incompatible implicit declaration of built-in function 'printf'
  241 |   printf("\r\n>>! Error. The data is too long. Maximum data length is 4092 symbols !<<\r\n");
      |   ^~~~~~
../Core/Src/main.c:241:3: note: include '<stdio.h>' or provide a declaration of 'printf'
../Core/Src/main.c:246:3: warning: incompatible implicit declaration of built-in function 'printf'
  246 |   printf("\r\n>>! Error. The end of memory !<<\r\n");
      |   ^~~~~~
../Core/Src/main.c:246:3: note: include '<stdio.h>' or provide a declaration of 'printf'
../Core/Src/main.c:261:2: warning: incompatible implicit declaration of built-in function 'printf'
  261 |  printf("Line %d has been written with %d printable symbols\r\n", sector_addr, symbolsCounter);
      |  ^~~~~~
../Core/Src/main.c:261:2: note: include '<stdio.h>' or provide a declaration of 'printf'
../Core/Src/main.c: In function 'main':
../Core/Src/main.c:338:4: warning: incompatible implicit declaration of built-in function 'printf'
  338 |    printf("+1sec");
      |    ^~~~~~
../Core/Src/main.c:338:4: note: include '<stdio.h>' or provide a declaration of 'printf'
make: *** [Core/Src/subdir.mk:34: Core/Src/main.o] Error 1
"make -j8 all" terminated with exit code 2. Build might be incomplete.
18:17:52 **** Incremental Build of configuration Debug for project spi ****
make -j8 all 
arm-none-eabi-gcc "../Core/Src/main.c" -mcpu=cortex-m4 -std=gnu11 -g3 -DDEBUG -DUSE_HAL_DRIVER -DSTM32F407xx -c -I../Core/Inc -I../Drivers/STM32F4xx_HAL_Driver/Inc -I../Drivers/STM32F4xx_HAL_Driver/Inc/Legacy -I../Drivers/CMSIS/Device/ST/STM32F4xx/Include -I../Drivers/CMSIS/Include -O0 -ffunction-sections -fdata-sections -Wall -fstack-usage -MMD -MP -MF"Core/Src/main.d" -MT"Core/Src/main.o" --specs=nano.specs -mfpu=fpv4-sp-d16 -mfloat-abi=hard -mthumb -o "Core/Src/main.o"
../Core/Src/main.c: In function 'HAL_GPIO_EXTI_Callback':
../Core/Src/main.c:165:3: warning: implicit declaration of function 'printf' [-Wimplicit-function-declaration]
  165 |   printf("11111\r\n");
      |   ^~~~~~
../Core/Src/main.c:165:3: warning: incompatible implicit declaration of built-in function 'printf'
../Core/Src/main.c:21:1: note: include '<stdio.h>' or provide a declaration of 'printf'
   20 | #include "main.h"
  +++ |+#include <stdio.h>
   21 | 
../Core/Src/main.c: In function 'flashChipErase':
../Core/Src/main.c:186:2: warning: incompatible implicit declaration of built-in function 'printf'
  186 |  printf("Erasing whole flash SPI chip\r\n");
      |  ^~~~~~
../Core/Src/main.c:186:2: note: include '<stdio.h>' or provide a declaration of 'printf'
../Core/Src/main.c: In function 'flashReadTimeCapsule':
../Core/Src/main.c:196:2: warning: incompatible implicit declaration of built-in function 'printf'
  196 |  printf("Reading data from Time Capsule\r\n");
      |  ^~~~~~
../Core/Src/main.c:196:2: note: include '<stdio.h>' or provide a declaration of 'printf'
../Core/Src/main.c: In function 'flashReadData':
../Core/Src/main.c:211:3: warning: incompatible implicit declaration of built-in function 'printf'
  211 |   printf("Line %d: ", sector_addr_curr);      //let's name it for user "line" instead of "sector", that's more convenient ;)
      |   ^~~~~~
../Core/Src/main.c:211:3: note: include '<stdio.h>' or provide a declaration of 'printf'
../Core/Src/main.c: In function 'flashWriteTimeCapsule':
../Core/Src/main.c:225:2: warning: incompatible implicit declaration of built-in function 'printf'
  225 |  printf("Writing the Time Capsule data\r\n");
      |  ^~~~~~
../Core/Src/main.c:225:2: note: include '<stdio.h>' or provide a declaration of 'printf'
../Core/Src/main.c: In function 'flashWriteDataToSector':
../Core/Src/main.c:241:3: warning: incompatible implicit declaration of built-in function 'printf'
  241 |   printf("\r\n>>! Error. The data is too long. Maximum data length is 4092 symbols !<<\r\n");
      |   ^~~~~~
../Core/Src/main.c:241:3: note: include '<stdio.h>' or provide a declaration of 'printf'
../Core/Src/main.c:246:3: warning: incompatible implicit declaration of built-in function 'printf'
  246 |   printf("\r\n>>! Error. The end of memory !<<\r\n");
      |   ^~~~~~
../Core/Src/main.c:246:3: note: include '<stdio.h>' or provide a declaration of 'printf'
../Core/Src/main.c:261:2: warning: incompatible implicit declaration of built-in function 'printf'
  261 |  printf("Line %d has been written with %d printable symbols\r\n", sector_addr, symbolsCounter);
      |  ^~~~~~
../Core/Src/main.c:261:2: note: include '<stdio.h>' or provide a declaration of 'printf'
../Core/Src/main.c: In function 'main':
../Core/Src/main.c:338:4: warning: incompatible implicit declaration of built-in function 'printf'
  338 |    printf("+1sec");
      |    ^~~~~~
../Core/Src/main.c:338:4: note: include '<stdio.h>' or provide a declaration of 'printf'
arm-none-eabi-gcc -o "spi.elf" @"objects.list"   -mcpu=cortex-m4 -T"C:\Users\user\Desktop\GL_tasks\workshop_7\spi\STM32F407VGTX_FLASH.ld" --specs=nosys.specs -Wl,-Map="spi.map" -Wl,--gc-sections -static --specs=nano.specs -mfpu=fpv4-sp-d16 -mfloat-abi=hard -mthumb -Wl,--start-group -lc -lm -Wl,--end-group
Finished building target: spi.elf
 
arm-none-eabi-size   spi.elf 
arm-none-eabi-objdump -h -S  spi.elf  > "spi.list"
   text	   data	    bss	    dec	    hex	filename
  17724	    128	   5848	  23700	   5c94	spi.elf
Finished building: default.size.stdout
 
Finished building: spi.list
 
18:21:12 **** Incremental Build of configuration Debug for project spi ****
make -j8 all 
arm-none-eabi-gcc "../Core/Src/main.c" -mcpu=cortex-m4 -std=gnu11 -g3 -DDEBUG -DUSE_HAL_DRIVER -DSTM32F407xx -c -I../Core/Inc -I../Drivers/STM32F4xx_HAL_Driver/Inc -I../Drivers/STM32F4xx_HAL_Driver/Inc/Legacy -I../Drivers/CMSIS/Device/ST/STM32F4xx/Include -I../Drivers/CMSIS/Include -O0 -ffunction-sections -fdata-sections -Wall -fstack-usage -MMD -MP -MF"Core/Src/main.d" -MT"Core/Src/main.o" --specs=nano.specs -mfpu=fpv4-sp-d16 -mfloat-abi=hard -mthumb -o "Core/Src/main.o"
../Core/Src/main.c: In function 'HAL_GPIO_EXTI_Callback':
../Core/Src/main.c:166:3: warning: implicit declaration of function 'printf' [-Wimplicit-function-declaration]
  166 |   printf("11111\r\n");
      |   ^~~~~~
../Core/Src/main.c:166:3: warning: incompatible implicit declaration of built-in function 'printf'
../Core/Src/main.c:21:1: note: include '<stdio.h>' or provide a declaration of 'printf'
   20 | #include "main.h"
  +++ |+#include <stdio.h>
   21 | 
../Core/Src/main.c: In function 'flashChipErase':
../Core/Src/main.c:187:2: warning: incompatible implicit declaration of built-in function 'printf'
  187 |  printf("Erasing whole flash SPI chip\r\n");
      |  ^~~~~~
../Core/Src/main.c:187:2: note: include '<stdio.h>' or provide a declaration of 'printf'
../Core/Src/main.c: In function 'flashReadTimeCapsule':
../Core/Src/main.c:197:2: warning: incompatible implicit declaration of built-in function 'printf'
  197 |  printf("Reading data from Time Capsule\r\n");
      |  ^~~~~~
../Core/Src/main.c:197:2: note: include '<stdio.h>' or provide a declaration of 'printf'
../Core/Src/main.c: In function 'flashReadData':
../Core/Src/main.c:212:3: warning: incompatible implicit declaration of built-in function 'printf'
  212 |   printf("Line %d: ", sector_addr_curr);      //let's name it for user "line" instead of "sector", that's more convenient ;)
      |   ^~~~~~
../Core/Src/main.c:212:3: note: include '<stdio.h>' or provide a declaration of 'printf'
../Core/Src/main.c: In function 'flashWriteTimeCapsule':
../Core/Src/main.c:226:2: warning: incompatible implicit declaration of built-in function 'printf'
  226 |  printf("Writing the Time Capsule data\r\n");
      |  ^~~~~~
../Core/Src/main.c:226:2: note: include '<stdio.h>' or provide a declaration of 'printf'
../Core/Src/main.c: In function 'flashWriteDataToSector':
../Core/Src/main.c:242:3: warning: incompatible implicit declaration of built-in function 'printf'
  242 |   printf("\r\n>>! Error. The data is too long. Maximum data length is 4092 symbols !<<\r\n");
      |   ^~~~~~
../Core/Src/main.c:242:3: note: include '<stdio.h>' or provide a declaration of 'printf'
../Core/Src/main.c:247:3: warning: incompatible implicit declaration of built-in function 'printf'
  247 |   printf("\r\n>>! Error. The end of memory !<<\r\n");
      |   ^~~~~~
../Core/Src/main.c:247:3: note: include '<stdio.h>' or provide a declaration of 'printf'
../Core/Src/main.c:262:2: warning: incompatible implicit declaration of built-in function 'printf'
  262 |  printf("Line %d has been written with %d printable symbols\r\n", sector_addr, symbolsCounter);
      |  ^~~~~~
../Core/Src/main.c:262:2: note: include '<stdio.h>' or provide a declaration of 'printf'
../Core/Src/main.c: In function 'main':
../Core/Src/main.c:339:4: warning: incompatible implicit declaration of built-in function 'printf'
  339 |    printf("+1sec");
      |    ^~~~~~
../Core/Src/main.c:339:4: note: include '<stdio.h>' or provide a declaration of 'printf'
arm-none-eabi-gcc -o "spi.elf" @"objects.list"   -mcpu=cortex-m4 -T"C:\Users\user\Desktop\GL_tasks\workshop_7\spi\STM32F407VGTX_FLASH.ld" --specs=nosys.specs -Wl,-Map="spi.map" -Wl,--gc-sections -static --specs=nano.specs -mfpu=fpv4-sp-d16 -mfloat-abi=hard -mthumb -Wl,--start-group -lc -lm -Wl,--end-group
Finished building target: spi.elf
 
arm-none-eabi-size   spi.elf 
arm-none-eabi-objdump -h -S  spi.elf  > "spi.list"
   text	   data	    bss	    dec	    hex	filename
  17724	    128	   5848	  23700	   5c94	spi.elf
Finished building: default.size.stdout
 
Finished building: spi.list
 
18:25:17 **** Incremental Build of configuration Debug for project Task_7 ****
make -j8 all 
arm-none-eabi-size   Task_7.elf 
   text	   data	    bss	    dec	    hex	filename
  16008	     24	   1808	  17840	   45b0	Task_7.elf
Finished building: default.size.stdout
 
18:25:18 **** Incremental Build of configuration Debug for project spi ****
make -j8 all 
arm-none-eabi-gcc "../Core/Src/main.c" -mcpu=cortex-m4 -std=gnu11 -g3 -DDEBUG -DUSE_HAL_DRIVER -DSTM32F407xx -c -I../Core/Inc -I../Drivers/STM32F4xx_HAL_Driver/Inc -I../Drivers/STM32F4xx_HAL_Driver/Inc/Legacy -I../Drivers/CMSIS/Device/ST/STM32F4xx/Include -I../Drivers/CMSIS/Include -O0 -ffunction-sections -fdata-sections -Wall -fstack-usage -MMD -MP -MF"Core/Src/main.d" -MT"Core/Src/main.o" --specs=nano.specs -mfpu=fpv4-sp-d16 -mfloat-abi=hard -mthumb -o "Core/Src/main.o"
../Core/Src/main.c: In function 'HAL_GPIO_EXTI_Callback':
../Core/Src/main.c:166:3: warning: implicit declaration of function 'printf' [-Wimplicit-function-declaration]
  166 |   printf("11111\r\n");
      |   ^~~~~~
../Core/Src/main.c:166:3: warning: incompatible implicit declaration of built-in function 'printf'
../Core/Src/main.c:21:1: note: include '<stdio.h>' or provide a declaration of 'printf'
   20 | #include "main.h"
  +++ |+#include <stdio.h>
   21 | 
../Core/Src/main.c: In function 'flashChipErase':
../Core/Src/main.c:187:2: warning: incompatible implicit declaration of built-in function 'printf'
  187 |  printf("Erasing whole flash SPI chip\r\n");
      |  ^~~~~~
../Core/Src/main.c:187:2: note: include '<stdio.h>' or provide a declaration of 'printf'
../Core/Src/main.c: In function 'flashReadTimeCapsule':
../Core/Src/main.c:197:2: warning: incompatible implicit declaration of built-in function 'printf'
  197 |  printf("Reading data from Time Capsule\r\n");
      |  ^~~~~~
../Core/Src/main.c:197:2: note: include '<stdio.h>' or provide a declaration of 'printf'
../Core/Src/main.c: In function 'flashReadData':
../Core/Src/main.c:212:3: warning: incompatible implicit declaration of built-in function 'printf'
  212 |   printf("Line %d: ", sector_addr_curr);      //let's name it for user "line" instead of "sector", that's more convenient ;)
      |   ^~~~~~
../Core/Src/main.c:212:3: note: include '<stdio.h>' or provide a declaration of 'printf'
../Core/Src/main.c: In function 'flashWriteTimeCapsule':
../Core/Src/main.c:226:2: warning: incompatible implicit declaration of built-in function 'printf'
  226 |  printf("Writing the Time Capsule data\r\n");
      |  ^~~~~~
../Core/Src/main.c:226:2: note: include '<stdio.h>' or provide a declaration of 'printf'
../Core/Src/main.c: In function 'flashWriteDataToSector':
../Core/Src/main.c:242:3: warning: incompatible implicit declaration of built-in function 'printf'
  242 |   printf("\r\n>>! Error. The data is too long. Maximum data length is 4092 symbols !<<\r\n");
      |   ^~~~~~
../Core/Src/main.c:242:3: note: include '<stdio.h>' or provide a declaration of 'printf'
../Core/Src/main.c:247:3: warning: incompatible implicit declaration of built-in function 'printf'
  247 |   printf("\r\n>>! Error. The end of memory !<<\r\n");
      |   ^~~~~~
../Core/Src/main.c:247:3: note: include '<stdio.h>' or provide a declaration of 'printf'
../Core/Src/main.c:262:2: warning: incompatible implicit declaration of built-in function 'printf'
  262 |  printf("Line %d has been written with %d printable symbols\r\n", sector_addr, symbolsCounter);
      |  ^~~~~~
../Core/Src/main.c:262:2: note: include '<stdio.h>' or provide a declaration of 'printf'
../Core/Src/main.c: In function 'main':
../Core/Src/main.c:339:4: warning: incompatible implicit declaration of built-in function 'printf'
  339 |    printf("+1sec");
      |    ^~~~~~
../Core/Src/main.c:339:4: note: include '<stdio.h>' or provide a declaration of 'printf'
arm-none-eabi-gcc -o "spi.elf" @"objects.list"   -mcpu=cortex-m4 -T"C:\Users\user\Desktop\GL_tasks\workshop_7\spi\STM32F407VGTX_FLASH.ld" --specs=nosys.specs -Wl,-Map="spi.map" -Wl,--gc-sections -static --specs=nano.specs -mfpu=fpv4-sp-d16 -mfloat-abi=hard -mthumb -Wl,--start-group -lc -lm -Wl,--end-group
Finished building target: spi.elf
 
arm-none-eabi-size   spi.elf 
arm-none-eabi-objdump -h -S  spi.elf  > "spi.list"
   text	   data	    bss	    dec	    hex	filename
  17724	    128	   5848	  23700	   5c94	spi.elf
Finished building: default.size.stdout
 
Finished building: spi.list
 
18:25:19 **** Incremental Build of configuration Debug for project training07 ****
make -j8 all 
arm-none-eabi-gcc "../Drivers/STM32F4xx_HAL_Driver/Src/stm32f4xx_hal_gpio.c" -mcpu=cortex-m4 -std=gnu11 -g3 -DDEBUG -DUSE_HAL_DRIVER -DSTM32F407xx -c -I../Core/Inc -I../Drivers/STM32F4xx_HAL_Driver/Inc -I../Drivers/STM32F4xx_HAL_Driver/Inc/Legacy -I../Drivers/CMSIS/Device/ST/STM32F4xx/Include -I../Drivers/CMSIS/Include -O0 -ffunction-sections -fdata-sections -Wall -fstack-usage -MMD -MP -MF"Drivers/STM32F4xx_HAL_Driver/Src/stm32f4xx_hal_gpio.d" -MT"Drivers/STM32F4xx_HAL_Driver/Src/stm32f4xx_hal_gpio.o" --specs=nano.specs -mfpu=fpv4-sp-d16 -mfloat-abi=hard -mthumb -o "Drivers/STM32F4xx_HAL_Driver/Src/stm32f4xx_hal_gpio.o"
../Drivers/STM32F4xx_HAL_Driver/Src/stm32f4xx_hal_gpio.c:492:15: error: expected ')' before 'GPIO_Pin'
  492 | void (uint16_t GPIO_Pin)
      |               ^~~~~~~~~
      |               )
make: *** [Drivers/STM32F4xx_HAL_Driver/Src/subdir.mk:67: Drivers/STM32F4xx_HAL_Driver/Src/stm32f4xx_hal_gpio.o] Error 1
"make -j8 all" terminated with exit code 2. Build might be incomplete.
18:25:51 **** Incremental Build of configuration Debug for project spi ****
make -j8 all 
arm-none-eabi-gcc "../Core/Src/main.c" -mcpu=cortex-m4 -std=gnu11 -g3 -DDEBUG -DUSE_HAL_DRIVER -DSTM32F407xx -c -I../Core/Inc -I../Drivers/STM32F4xx_HAL_Driver/Inc -I../Drivers/STM32F4xx_HAL_Driver/Inc/Legacy -I../Drivers/CMSIS/Device/ST/STM32F4xx/Include -I../Drivers/CMSIS/Include -O0 -ffunction-sections -fdata-sections -Wall -fstack-usage -MMD -MP -MF"Core/Src/main.d" -MT"Core/Src/main.o" --specs=nano.specs -mfpu=fpv4-sp-d16 -mfloat-abi=hard -mthumb -o "Core/Src/main.o"
arm-none-eabi-gcc -o "spi.elf" @"objects.list"   -mcpu=cortex-m4 -T"C:\Users\user\Desktop\GL_tasks\workshop_7\spi\STM32F407VGTX_FLASH.ld" --specs=nosys.specs -Wl,-Map="spi.map" -Wl,--gc-sections -static --specs=nano.specs -mfpu=fpv4-sp-d16 -mfloat-abi=hard -mthumb -Wl,--start-group -lc -lm -Wl,--end-group
Finished building target: spi.elf
 
arm-none-eabi-size   spi.elf 
arm-none-eabi-objdump -h -S  spi.elf  > "spi.list"
   text	   data	    bss	    dec	    hex	filename
  17724	    128	   5848	  23700	   5c94	spi.elf
Finished building: default.size.stdout
 
Finished building: spi.list
 
18:26:30 **** Incremental Build of configuration Debug for project training07 ****
make -j8 all 
arm-none-eabi-gcc "../Drivers/STM32F4xx_HAL_Driver/Src/stm32f4xx_hal_gpio.c" -mcpu=cortex-m4 -std=gnu11 -g3 -DDEBUG -DUSE_HAL_DRIVER -DSTM32F407xx -c -I../Core/Inc -I../Drivers/STM32F4xx_HAL_Driver/Inc -I../Drivers/STM32F4xx_HAL_Driver/Inc/Legacy -I../Drivers/CMSIS/Device/ST/STM32F4xx/Include -I../Drivers/CMSIS/Include -O0 -ffunction-sections -fdata-sections -Wall -fstack-usage -MMD -MP -MF"Drivers/STM32F4xx_HAL_Driver/Src/stm32f4xx_hal_gpio.d" -MT"Drivers/STM32F4xx_HAL_Driver/Src/stm32f4xx_hal_gpio.o" --specs=nano.specs -mfpu=fpv4-sp-d16 -mfloat-abi=hard -mthumb -o "Drivers/STM32F4xx_HAL_Driver/Src/stm32f4xx_hal_gpio.o"
../Drivers/STM32F4xx_HAL_Driver/Src/stm32f4xx_hal_gpio.c:492:15: error: expected ')' before 'GPIO_Pin'
  492 | void (uint16_t GPIO_Pin)
      |               ^~~~~~~~~
      |               )
make: *** [Drivers/STM32F4xx_HAL_Driver/Src/subdir.mk:67: Drivers/STM32F4xx_HAL_Driver/Src/stm32f4xx_hal_gpio.o] Error 1
"make -j8 all" terminated with exit code 2. Build might be incomplete.
18:26:54 **** Incremental Build of configuration Debug for project training07 ****
make -j8 all 
arm-none-eabi-gcc "../Drivers/STM32F4xx_HAL_Driver/Src/stm32f4xx_hal_gpio.c" -mcpu=cortex-m4 -std=gnu11 -g3 -DDEBUG -DUSE_HAL_DRIVER -DSTM32F407xx -c -I../Core/Inc -I../Drivers/STM32F4xx_HAL_Driver/Inc -I../Drivers/STM32F4xx_HAL_Driver/Inc/Legacy -I../Drivers/CMSIS/Device/ST/STM32F4xx/Include -I../Drivers/CMSIS/Include -O0 -ffunction-sections -fdata-sections -Wall -fstack-usage -MMD -MP -MF"Drivers/STM32F4xx_HAL_Driver/Src/stm32f4xx_hal_gpio.d" -MT"Drivers/STM32F4xx_HAL_Driver/Src/stm32f4xx_hal_gpio.o" --specs=nano.specs -mfpu=fpv4-sp-d16 -mfloat-abi=hard -mthumb -o "Drivers/STM32F4xx_HAL_Driver/Src/stm32f4xx_hal_gpio.o"
arm-none-eabi-gcc -o "training07.elf" @"objects.list"   -mcpu=cortex-m4 -T"C:\Users\user\Downloads\GL-workshops-main\GL-workshops-main\training07\STM32F407VGTX_FLASH.ld" --specs=nosys.specs -Wl,-Map="training07.map" -Wl,--gc-sections -static --specs=nano.specs -mfpu=fpv4-sp-d16 -mfloat-abi=hard -mthumb -Wl,--start-group -lc -lm -Wl,--end-group
Finished building target: training07.elf
 
arm-none-eabi-size   training07.elf 
arm-none-eabi-objdump -h -S  training07.elf  > "training07.list"
   text	   data	    bss	    dec	    hex	filename
  23248	    132	  11036	  34416	   8670	training07.elf
Finished building: default.size.stdout
 
Finished building: training07.list
 
18:30:22 **** Incremental Build of configuration Debug for project spi ****
make -j8 all 
arm-none-eabi-gcc "../Core/Src/main.c" -mcpu=cortex-m4 -std=gnu11 -g3 -DDEBUG -DUSE_HAL_DRIVER -DSTM32F407xx -c -I../Core/Inc -I../Drivers/STM32F4xx_HAL_Driver/Inc -I../Drivers/STM32F4xx_HAL_Driver/Inc/Legacy -I../Drivers/CMSIS/Device/ST/STM32F4xx/Include -I../Drivers/CMSIS/Include -O0 -ffunction-sections -fdata-sections -Wall -fstack-usage -MMD -MP -MF"Core/Src/main.d" -MT"Core/Src/main.o" --specs=nano.specs -mfpu=fpv4-sp-d16 -mfloat-abi=hard -mthumb -o "Core/Src/main.o"
../Core/Src/main.c: In function 'HAL_GPIO_EXTI_Callback':
../Core/Src/main.c:163:3: warning: implicit declaration of function 'printf' [-Wimplicit-function-declaration]
  163 |   printf("11111\r\n");
      |   ^~~~~~
../Core/Src/main.c:163:3: warning: incompatible implicit declaration of built-in function 'printf'
../Core/Src/main.c:21:1: note: include '<stdio.h>' or provide a declaration of 'printf'
   20 | #include "main.h"
  +++ |+#include <stdio.h>
   21 | 
../Core/Src/main.c: In function 'flashChipErase':
../Core/Src/main.c:184:2: warning: incompatible implicit declaration of built-in function 'printf'
  184 |  printf("Erasing whole flash SPI chip\r\n");
      |  ^~~~~~
../Core/Src/main.c:184:2: note: include '<stdio.h>' or provide a declaration of 'printf'
../Core/Src/main.c: In function 'flashReadTimeCapsule':
../Core/Src/main.c:194:2: warning: incompatible implicit declaration of built-in function 'printf'
  194 |  printf("Reading data from Time Capsule\r\n");
      |  ^~~~~~
../Core/Src/main.c:194:2: note: include '<stdio.h>' or provide a declaration of 'printf'
../Core/Src/main.c: In function 'flashReadData':
../Core/Src/main.c:209:3: warning: incompatible implicit declaration of built-in function 'printf'
  209 |   printf("Line %d: ", sector_addr_curr);      //let's name it for user "line" instead of "sector", that's more convenient ;)
      |   ^~~~~~
../Core/Src/main.c:209:3: note: include '<stdio.h>' or provide a declaration of 'printf'
../Core/Src/main.c: In function 'flashWriteTimeCapsule':
../Core/Src/main.c:223:2: warning: incompatible implicit declaration of built-in function 'printf'
  223 |  printf("Writing the Time Capsule data\r\n");
      |  ^~~~~~
../Core/Src/main.c:223:2: note: include '<stdio.h>' or provide a declaration of 'printf'
../Core/Src/main.c: In function 'flashWriteDataToSector':
../Core/Src/main.c:239:3: warning: incompatible implicit declaration of built-in function 'printf'
  239 |   printf("\r\n>>! Error. The data is too long. Maximum data length is 4092 symbols !<<\r\n");
      |   ^~~~~~
../Core/Src/main.c:239:3: note: include '<stdio.h>' or provide a declaration of 'printf'
../Core/Src/main.c:244:3: warning: incompatible implicit declaration of built-in function 'printf'
  244 |   printf("\r\n>>! Error. The end of memory !<<\r\n");
      |   ^~~~~~
../Core/Src/main.c:244:3: note: include '<stdio.h>' or provide a declaration of 'printf'
../Core/Src/main.c:259:2: warning: incompatible implicit declaration of built-in function 'printf'
  259 |  printf("Line %d has been written with %d printable symbols\r\n", sector_addr, symbolsCounter);
      |  ^~~~~~
../Core/Src/main.c:259:2: note: include '<stdio.h>' or provide a declaration of 'printf'
../Core/Src/main.c: In function 'main':
../Core/Src/main.c:335:4: warning: incompatible implicit declaration of built-in function 'printf'
  335 |    printf("+1sec");
      |    ^~~~~~
../Core/Src/main.c:335:4: note: include '<stdio.h>' or provide a declaration of 'printf'
At top level:
../Core/Src/main.c:285:13: warning: 'flashMemInit' defined but not used [-Wunused-function]
  285 | static void flashMemInit(void){
      |             ^~~~~~~~~~~~
arm-none-eabi-gcc -o "spi.elf" @"objects.list"   -mcpu=cortex-m4 -T"C:\Users\user\Desktop\GL_tasks\workshop_7\spi\STM32F407VGTX_FLASH.ld" --specs=nosys.specs -Wl,-Map="spi.map" -Wl,--gc-sections -static --specs=nano.specs -mfpu=fpv4-sp-d16 -mfloat-abi=hard -mthumb -Wl,--start-group -lc -lm -Wl,--end-group
Finished building target: spi.elf
 
arm-none-eabi-size   spi.elf 
arm-none-eabi-objdump -h -S  spi.elf  > "spi.list"
   text	   data	    bss	    dec	    hex	filename
  17152	    128	   5848	  23128	   5a58	spi.elf
Finished building: default.size.stdout
 
Finished building: spi.list
 
18:31:12 **** Incremental Build of configuration Debug for project spi ****
make -j8 all 
arm-none-eabi-gcc "../Core/Src/main.c" -mcpu=cortex-m4 -std=gnu11 -g3 -DDEBUG -DUSE_HAL_DRIVER -DSTM32F407xx -c -I../Core/Inc -I../Drivers/STM32F4xx_HAL_Driver/Inc -I../Drivers/STM32F4xx_HAL_Driver/Inc/Legacy -I../Drivers/CMSIS/Device/ST/STM32F4xx/Include -I../Drivers/CMSIS/Include -O0 -ffunction-sections -fdata-sections -Wall -fstack-usage -MMD -MP -MF"Core/Src/main.d" -MT"Core/Src/main.o" --specs=nano.specs -mfpu=fpv4-sp-d16 -mfloat-abi=hard -mthumb -o "Core/Src/main.o"
../Core/Src/main.c: In function 'HAL_GPIO_EXTI_Callback':
../Core/Src/main.c:163:3: warning: implicit declaration of function 'printf' [-Wimplicit-function-declaration]
  163 |   printf("11111\r\n");
      |   ^~~~~~
../Core/Src/main.c:163:3: warning: incompatible implicit declaration of built-in function 'printf'
../Core/Src/main.c:21:1: note: include '<stdio.h>' or provide a declaration of 'printf'
   20 | #include "main.h"
  +++ |+#include <stdio.h>
   21 | 
../Core/Src/main.c: In function 'flashChipErase':
../Core/Src/main.c:184:2: warning: incompatible implicit declaration of built-in function 'printf'
  184 |  printf("Erasing whole flash SPI chip\r\n");
      |  ^~~~~~
../Core/Src/main.c:184:2: note: include '<stdio.h>' or provide a declaration of 'printf'
../Core/Src/main.c: In function 'flashReadTimeCapsule':
../Core/Src/main.c:194:2: warning: incompatible implicit declaration of built-in function 'printf'
  194 |  printf("Reading data from Time Capsule\r\n");
      |  ^~~~~~
../Core/Src/main.c:194:2: note: include '<stdio.h>' or provide a declaration of 'printf'
../Core/Src/main.c: In function 'flashReadData':
../Core/Src/main.c:209:3: warning: incompatible implicit declaration of built-in function 'printf'
  209 |   printf("Line %d: ", sector_addr_curr);      //let's name it for user "line" instead of "sector", that's more convenient ;)
      |   ^~~~~~
../Core/Src/main.c:209:3: note: include '<stdio.h>' or provide a declaration of 'printf'
../Core/Src/main.c: In function 'flashWriteTimeCapsule':
../Core/Src/main.c:223:2: warning: incompatible implicit declaration of built-in function 'printf'
  223 |  printf("Writing the Time Capsule data\r\n");
      |  ^~~~~~
../Core/Src/main.c:223:2: note: include '<stdio.h>' or provide a declaration of 'printf'
../Core/Src/main.c: In function 'flashWriteDataToSector':
../Core/Src/main.c:239:3: warning: incompatible implicit declaration of built-in function 'printf'
  239 |   printf("\r\n>>! Error. The data is too long. Maximum data length is 4092 symbols !<<\r\n");
      |   ^~~~~~
../Core/Src/main.c:239:3: note: include '<stdio.h>' or provide a declaration of 'printf'
../Core/Src/main.c:244:3: warning: incompatible implicit declaration of built-in function 'printf'
  244 |   printf("\r\n>>! Error. The end of memory !<<\r\n");
      |   ^~~~~~
../Core/Src/main.c:244:3: note: include '<stdio.h>' or provide a declaration of 'printf'
../Core/Src/main.c:259:2: warning: incompatible implicit declaration of built-in function 'printf'
  259 |  printf("Line %d has been written with %d printable symbols\r\n", sector_addr, symbolsCounter);
      |  ^~~~~~
../Core/Src/main.c:259:2: note: include '<stdio.h>' or provide a declaration of 'printf'
../Core/Src/main.c: In function 'main':
../Core/Src/main.c:335:4: warning: incompatible implicit declaration of built-in function 'printf'
  335 |    printf("+1sec");
      |    ^~~~~~
../Core/Src/main.c:335:4: note: include '<stdio.h>' or provide a declaration of 'printf'
At top level:
../Core/Src/main.c:285:13: warning: 'flashMemInit' defined but not used [-Wunused-function]
  285 | static void flashMemInit(void){
      |             ^~~~~~~~~~~~
arm-none-eabi-gcc -o "spi.elf" @"objects.list"   -mcpu=cortex-m4 -T"C:\Users\user\Desktop\GL_tasks\workshop_7\spi\STM32F407VGTX_FLASH.ld" --specs=nosys.specs -Wl,-Map="spi.map" -Wl,--gc-sections -static --specs=nano.specs -mfpu=fpv4-sp-d16 -mfloat-abi=hard -mthumb -Wl,--start-group -lc -lm -Wl,--end-group
Finished building target: spi.elf
 
arm-none-eabi-size   spi.elf 
arm-none-eabi-objdump -h -S  spi.elf  > "spi.list"
   text	   data	    bss	    dec	    hex	filename
  17700	    128	   5848	  23676	   5c7c	spi.elf
Finished building: default.size.stdout
 
Finished building: spi.list
 
18:50:27 **** Incremental Build of configuration Debug for project spi ****
make -j8 all 
arm-none-eabi-gcc "../Core/Src/main.c" -mcpu=cortex-m4 -std=gnu11 -g3 -DDEBUG -DUSE_HAL_DRIVER -DSTM32F407xx -c -I../Core/Inc -I../Drivers/STM32F4xx_HAL_Driver/Inc -I../Drivers/STM32F4xx_HAL_Driver/Inc/Legacy -I../Drivers/CMSIS/Device/ST/STM32F4xx/Include -I../Drivers/CMSIS/Include -O0 -ffunction-sections -fdata-sections -Wall -fstack-usage -MMD -MP -MF"Core/Src/main.d" -MT"Core/Src/main.o" --specs=nano.specs -mfpu=fpv4-sp-d16 -mfloat-abi=hard -mthumb -o "Core/Src/main.o"
../Core/Src/main.c: In function 'HAL_GPIO_EXTI_Callback':
../Core/Src/main.c:175:3: warning: implicit declaration of function 'printf' [-Wimplicit-function-declaration]
  175 |   printf("11111\r\n");
      |   ^~~~~~
../Core/Src/main.c:175:3: warning: incompatible implicit declaration of built-in function 'printf'
../Core/Src/main.c:21:1: note: include '<stdio.h>' or provide a declaration of 'printf'
   20 | #include "main.h"
  +++ |+#include <stdio.h>
   21 | 
../Core/Src/main.c: In function 'flashChipErase':
../Core/Src/main.c:196:2: warning: incompatible implicit declaration of built-in function 'printf'
  196 |  printf("Erasing whole flash SPI chip\r\n");
      |  ^~~~~~
../Core/Src/main.c:196:2: note: include '<stdio.h>' or provide a declaration of 'printf'
../Core/Src/main.c: In function 'flashReadTimeCapsule':
../Core/Src/main.c:206:2: warning: incompatible implicit declaration of built-in function 'printf'
  206 |  printf("Reading data from Time Capsule\r\n");
      |  ^~~~~~
../Core/Src/main.c:206:2: note: include '<stdio.h>' or provide a declaration of 'printf'
../Core/Src/main.c: In function 'flashReadData':
../Core/Src/main.c:221:3: warning: incompatible implicit declaration of built-in function 'printf'
  221 |   printf("Line %d: ", sector_addr_curr);      //let's name it for user "line" instead of "sector", that's more convenient ;)
      |   ^~~~~~
../Core/Src/main.c:221:3: note: include '<stdio.h>' or provide a declaration of 'printf'
../Core/Src/main.c: In function 'flashWriteTimeCapsule':
../Core/Src/main.c:235:2: warning: incompatible implicit declaration of built-in function 'printf'
  235 |  printf("Writing the Time Capsule data\r\n");
      |  ^~~~~~
../Core/Src/main.c:235:2: note: include '<stdio.h>' or provide a declaration of 'printf'
../Core/Src/main.c: In function 'flashWriteDataToSector':
../Core/Src/main.c:251:3: warning: incompatible implicit declaration of built-in function 'printf'
  251 |   printf("\r\n>>! Error. The data is too long. Maximum data length is 4092 symbols !<<\r\n");
      |   ^~~~~~
../Core/Src/main.c:251:3: note: include '<stdio.h>' or provide a declaration of 'printf'
../Core/Src/main.c:256:3: warning: incompatible implicit declaration of built-in function 'printf'
  256 |   printf("\r\n>>! Error. The end of memory !<<\r\n");
      |   ^~~~~~
../Core/Src/main.c:256:3: note: include '<stdio.h>' or provide a declaration of 'printf'
../Core/Src/main.c:271:2: warning: incompatible implicit declaration of built-in function 'printf'
  271 |  printf("Line %d has been written with %d printable symbols\r\n", sector_addr, symbolsCounter);
      |  ^~~~~~
../Core/Src/main.c:271:2: note: include '<stdio.h>' or provide a declaration of 'printf'
../Core/Src/main.c: In function 'main':
../Core/Src/main.c:347:4: warning: incompatible implicit declaration of built-in function 'printf'
  347 |    printf("+1sec");
      |    ^~~~~~
../Core/Src/main.c:347:4: note: include '<stdio.h>' or provide a declaration of 'printf'
At top level:
../Core/Src/main.c:297:13: warning: 'flashMemInit' defined but not used [-Wunused-function]
  297 | static void flashMemInit(void){
      |             ^~~~~~~~~~~~
arm-none-eabi-gcc -o "spi.elf" @"objects.list"   -mcpu=cortex-m4 -T"C:\Users\user\Desktop\GL_tasks\workshop_7\spi\STM32F407VGTX_FLASH.ld" --specs=nosys.specs -Wl,-Map="spi.map" -Wl,--gc-sections -static --specs=nano.specs -mfpu=fpv4-sp-d16 -mfloat-abi=hard -mthumb -Wl,--start-group -lc -lm -Wl,--end-group
Finished building target: spi.elf
 
arm-none-eabi-size   spi.elf 
arm-none-eabi-objdump -h -S  spi.elf  > "spi.list"
   text	   data	    bss	    dec	    hex	filename
  18328	    172	   5852	  24352	   5f20	spi.elf
Finished building: default.size.stdout
 
Finished building: spi.list
 
18:52:07 **** Incremental Build of configuration Debug for project spi ****
make -j8 all 
arm-none-eabi-gcc "../Core/Src/main.c" -mcpu=cortex-m4 -std=gnu11 -g3 -DDEBUG -DUSE_HAL_DRIVER -DSTM32F407xx -c -I../Core/Inc -I../Drivers/STM32F4xx_HAL_Driver/Inc -I../Drivers/STM32F4xx_HAL_Driver/Inc/Legacy -I../Drivers/CMSIS/Device/ST/STM32F4xx/Include -I../Drivers/CMSIS/Include -O0 -ffunction-sections -fdata-sections -Wall -fstack-usage -MMD -MP -MF"Core/Src/main.d" -MT"Core/Src/main.o" --specs=nano.specs -mfpu=fpv4-sp-d16 -mfloat-abi=hard -mthumb -o "Core/Src/main.o"
../Core/Src/main.c: In function 'HAL_GPIO_EXTI_Callback':
../Core/Src/main.c:173:3: warning: implicit declaration of function 'printf' [-Wimplicit-function-declaration]
  173 |   printf("11111\r\n");
      |   ^~~~~~
../Core/Src/main.c:173:3: warning: incompatible implicit declaration of built-in function 'printf'
../Core/Src/main.c:21:1: note: include '<stdio.h>' or provide a declaration of 'printf'
   20 | #include "main.h"
  +++ |+#include <stdio.h>
   21 | 
../Core/Src/main.c: In function 'flashChipErase':
../Core/Src/main.c:194:2: warning: incompatible implicit declaration of built-in function 'printf'
  194 |  printf("Erasing whole flash SPI chip\r\n");
      |  ^~~~~~
../Core/Src/main.c:194:2: note: include '<stdio.h>' or provide a declaration of 'printf'
../Core/Src/main.c: In function 'flashReadTimeCapsule':
../Core/Src/main.c:204:2: warning: incompatible implicit declaration of built-in function 'printf'
  204 |  printf("Reading data from Time Capsule\r\n");
      |  ^~~~~~
../Core/Src/main.c:204:2: note: include '<stdio.h>' or provide a declaration of 'printf'
../Core/Src/main.c: In function 'flashReadData':
../Core/Src/main.c:219:3: warning: incompatible implicit declaration of built-in function 'printf'
  219 |   printf("Line %d: ", sector_addr_curr);      //let's name it for user "line" instead of "sector", that's more convenient ;)
      |   ^~~~~~
../Core/Src/main.c:219:3: note: include '<stdio.h>' or provide a declaration of 'printf'
../Core/Src/main.c: In function 'flashWriteTimeCapsule':
../Core/Src/main.c:233:2: warning: incompatible implicit declaration of built-in function 'printf'
  233 |  printf("Writing the Time Capsule data\r\n");
      |  ^~~~~~
../Core/Src/main.c:233:2: note: include '<stdio.h>' or provide a declaration of 'printf'
../Core/Src/main.c: In function 'flashWriteDataToSector':
../Core/Src/main.c:249:3: warning: incompatible implicit declaration of built-in function 'printf'
  249 |   printf("\r\n>>! Error. The data is too long. Maximum data length is 4092 symbols !<<\r\n");
      |   ^~~~~~
../Core/Src/main.c:249:3: note: include '<stdio.h>' or provide a declaration of 'printf'
../Core/Src/main.c:254:3: warning: incompatible implicit declaration of built-in function 'printf'
  254 |   printf("\r\n>>! Error. The end of memory !<<\r\n");
      |   ^~~~~~
../Core/Src/main.c:254:3: note: include '<stdio.h>' or provide a declaration of 'printf'
../Core/Src/main.c:269:2: warning: incompatible implicit declaration of built-in function 'printf'
  269 |  printf("Line %d has been written with %d printable symbols\r\n", sector_addr, symbolsCounter);
      |  ^~~~~~
../Core/Src/main.c:269:2: note: include '<stdio.h>' or provide a declaration of 'printf'
../Core/Src/main.c: In function 'main':
../Core/Src/main.c:345:4: warning: incompatible implicit declaration of built-in function 'printf'
  345 |    printf("+1sec");
      |    ^~~~~~
../Core/Src/main.c:345:4: note: include '<stdio.h>' or provide a declaration of 'printf'
At top level:
../Core/Src/main.c:295:13: warning: 'flashMemInit' defined but not used [-Wunused-function]
  295 | static void flashMemInit(void){
      |             ^~~~~~~~~~~~
arm-none-eabi-gcc -o "spi.elf" @"objects.list"   -mcpu=cortex-m4 -T"C:\Users\user\Desktop\GL_tasks\workshop_7\spi\STM32F407VGTX_FLASH.ld" --specs=nosys.specs -Wl,-Map="spi.map" -Wl,--gc-sections -static --specs=nano.specs -mfpu=fpv4-sp-d16 -mfloat-abi=hard -mthumb -Wl,--start-group -lc -lm -Wl,--end-group
Finished building target: spi.elf
 
arm-none-eabi-size   spi.elf 
arm-none-eabi-objdump -h -S  spi.elf  > "spi.list"
   text	   data	    bss	    dec	    hex	filename
  18328	    172	   5852	  24352	   5f20	spi.elf
Finished building: default.size.stdout
 
Finished building: spi.list
 
18:52:51 **** Incremental Build of configuration Debug for project Task_7 ****
make -j8 all 
arm-none-eabi-size   Task_7.elf 
   text	   data	    bss	    dec	    hex	filename
  16008	     24	   1808	  17840	   45b0	Task_7.elf
Finished building: default.size.stdout
 
18:52:52 **** Incremental Build of configuration Debug for project spi ****
make -j8 all 
arm-none-eabi-gcc "../Core/Src/main.c" -mcpu=cortex-m4 -std=gnu11 -g3 -DDEBUG -DUSE_HAL_DRIVER -DSTM32F407xx -c -I../Core/Inc -I../Drivers/STM32F4xx_HAL_Driver/Inc -I../Drivers/STM32F4xx_HAL_Driver/Inc/Legacy -I../Drivers/CMSIS/Device/ST/STM32F4xx/Include -I../Drivers/CMSIS/Include -O0 -ffunction-sections -fdata-sections -Wall -fstack-usage -MMD -MP -MF"Core/Src/main.d" -MT"Core/Src/main.o" --specs=nano.specs -mfpu=fpv4-sp-d16 -mfloat-abi=hard -mthumb -o "Core/Src/main.o"
../Core/Src/main.c: In function 'HAL_GPIO_EXTI_Callback':
../Core/Src/main.c:165:3: warning: implicit declaration of function 'printf' [-Wimplicit-function-declaration]
  165 |   printf("11111\r\n");
      |   ^~~~~~
../Core/Src/main.c:165:3: warning: incompatible implicit declaration of built-in function 'printf'
../Core/Src/main.c:21:1: note: include '<stdio.h>' or provide a declaration of 'printf'
   20 | #include "main.h"
  +++ |+#include <stdio.h>
   21 | 
../Core/Src/main.c: In function 'flashChipErase':
../Core/Src/main.c:186:2: warning: incompatible implicit declaration of built-in function 'printf'
  186 |  printf("Erasing whole flash SPI chip\r\n");
      |  ^~~~~~
../Core/Src/main.c:186:2: note: include '<stdio.h>' or provide a declaration of 'printf'
../Core/Src/main.c: In function 'flashReadTimeCapsule':
../Core/Src/main.c:196:2: warning: incompatible implicit declaration of built-in function 'printf'
  196 |  printf("Reading data from Time Capsule\r\n");
      |  ^~~~~~
../Core/Src/main.c:196:2: note: include '<stdio.h>' or provide a declaration of 'printf'
../Core/Src/main.c: In function 'flashReadData':
../Core/Src/main.c:211:3: warning: incompatible implicit declaration of built-in function 'printf'
  211 |   printf("Line %d: ", sector_addr_curr);      //let's name it for user "line" instead of "sector", that's more convenient ;)
      |   ^~~~~~
../Core/Src/main.c:211:3: note: include '<stdio.h>' or provide a declaration of 'printf'
../Core/Src/main.c: In function 'flashWriteTimeCapsule':
../Core/Src/main.c:225:2: warning: incompatible implicit declaration of built-in function 'printf'
  225 |  printf("Writing the Time Capsule data\r\n");
      |  ^~~~~~
../Core/Src/main.c:225:2: note: include '<stdio.h>' or provide a declaration of 'printf'
../Core/Src/main.c: In function 'flashWriteDataToSector':
../Core/Src/main.c:241:3: warning: incompatible implicit declaration of built-in function 'printf'
  241 |   printf("\r\n>>! Error. The data is too long. Maximum data length is 4092 symbols !<<\r\n");
      |   ^~~~~~
../Core/Src/main.c:241:3: note: include '<stdio.h>' or provide a declaration of 'printf'
../Core/Src/main.c:246:3: warning: incompatible implicit declaration of built-in function 'printf'
  246 |   printf("\r\n>>! Error. The end of memory !<<\r\n");
      |   ^~~~~~
../Core/Src/main.c:246:3: note: include '<stdio.h>' or provide a declaration of 'printf'
../Core/Src/main.c:261:2: warning: incompatible implicit declaration of built-in function 'printf'
  261 |  printf("Line %d has been written with %d printable symbols\r\n", sector_addr, symbolsCounter);
      |  ^~~~~~
../Core/Src/main.c:261:2: note: include '<stdio.h>' or provide a declaration of 'printf'
../Core/Src/main.c: In function 'main':
../Core/Src/main.c:337:4: warning: incompatible implicit declaration of built-in function 'printf'
  337 |    printf("+1sec");
      |    ^~~~~~
../Core/Src/main.c:337:4: note: include '<stdio.h>' or provide a declaration of 'printf'
At top level:
../Core/Src/main.c:287:13: warning: 'flashMemInit' defined but not used [-Wunused-function]
  287 | static void flashMemInit(void){
      |             ^~~~~~~~~~~~
arm-none-eabi-gcc -o "spi.elf" @"objects.list"   -mcpu=cortex-m4 -T"C:\Users\user\Desktop\GL_tasks\workshop_7\spi\STM32F407VGTX_FLASH.ld" --specs=nosys.specs -Wl,-Map="spi.map" -Wl,--gc-sections -static --specs=nano.specs -mfpu=fpv4-sp-d16 -mfloat-abi=hard -mthumb -Wl,--start-group -lc -lm -Wl,--end-group
Finished building target: spi.elf
 
arm-none-eabi-size   spi.elf 
arm-none-eabi-objdump -h -S  spi.elf  > "spi.list"
   text	   data	    bss	    dec	    hex	filename
  18328	    172	   5852	  24352	   5f20	spi.elf
Finished building: default.size.stdout
 
Finished building: spi.list
 
18:52:54 **** Incremental Build of configuration Debug for project training07 ****
make -j8 all 
arm-none-eabi-size   training07.elf 
   text	   data	    bss	    dec	    hex	filename
  23248	    132	  11036	  34416	   8670	training07.elf
Finished building: default.size.stdout
 
18:56:48 **** Incremental Build of configuration Debug for project spi ****
make -j8 all 
arm-none-eabi-gcc "../Core/Src/main.c" -mcpu=cortex-m4 -std=gnu11 -g3 -DDEBUG -DUSE_HAL_DRIVER -DSTM32F407xx -c -I../Core/Inc -I../Drivers/STM32F4xx_HAL_Driver/Inc -I../Drivers/STM32F4xx_HAL_Driver/Inc/Legacy -I../Drivers/CMSIS/Device/ST/STM32F4xx/Include -I../Drivers/CMSIS/Include -O0 -ffunction-sections -fdata-sections -Wall -fstack-usage -MMD -MP -MF"Core/Src/main.d" -MT"Core/Src/main.o" --specs=nano.specs -mfpu=fpv4-sp-d16 -mfloat-abi=hard -mthumb -o "Core/Src/main.o"
../Core/Src/main.c: In function 'flashChipErase':
../Core/Src/main.c:178:2: warning: implicit declaration of function 'printf' [-Wimplicit-function-declaration]
  178 |  printf("Erasing whole flash SPI chip\r\n");
      |  ^~~~~~
../Core/Src/main.c:178:2: warning: incompatible implicit declaration of built-in function 'printf'
../Core/Src/main.c:21:1: note: include '<stdio.h>' or provide a declaration of 'printf'
   20 | #include "main.h"
  +++ |+#include <stdio.h>
   21 | 
../Core/Src/main.c: In function 'flashReadTimeCapsule':
../Core/Src/main.c:188:2: warning: incompatible implicit declaration of built-in function 'printf'
  188 |  printf("Reading data from Time Capsule\r\n");
      |  ^~~~~~
../Core/Src/main.c:188:2: note: include '<stdio.h>' or provide a declaration of 'printf'
../Core/Src/main.c: In function 'flashReadData':
../Core/Src/main.c:203:3: warning: incompatible implicit declaration of built-in function 'printf'
  203 |   printf("Line %d: ", sector_addr_curr);
      |   ^~~~~~
../Core/Src/main.c:203:3: note: include '<stdio.h>' or provide a declaration of 'printf'
../Core/Src/main.c: In function 'flashWriteTimeCapsule':
../Core/Src/main.c:217:2: warning: incompatible implicit declaration of built-in function 'printf'
  217 |  printf("Writing the Time Capsule data\r\n");
      |  ^~~~~~
../Core/Src/main.c:217:2: note: include '<stdio.h>' or provide a declaration of 'printf'
../Core/Src/main.c: In function 'flashWriteDataToSector':
../Core/Src/main.c:242:2: warning: incompatible implicit declaration of built-in function 'printf'
  242 |  printf("Line %d has been written with %d printable symbols\r\n", sector_addr, symbolsCounter);
      |  ^~~~~~
../Core/Src/main.c:242:2: note: include '<stdio.h>' or provide a declaration of 'printf'
At top level:
../Core/Src/main.c:259:13: warning: 'flashMemInit' defined but not used [-Wunused-function]
  259 | static void flashMemInit(void){
      |             ^~~~~~~~~~~~
arm-none-eabi-gcc -o "spi.elf" @"objects.list"   -mcpu=cortex-m4 -T"C:\Users\user\Desktop\GL_tasks\workshop_7\spi\STM32F407VGTX_FLASH.ld" --specs=nosys.specs -Wl,-Map="spi.map" -Wl,--gc-sections -static --specs=nano.specs -mfpu=fpv4-sp-d16 -mfloat-abi=hard -mthumb -Wl,--start-group -lc -lm -Wl,--end-group
Finished building target: spi.elf
 
arm-none-eabi-size   spi.elf 
arm-none-eabi-objdump -h -S  spi.elf  > "spi.list"
   text	   data	    bss	    dec	    hex	filename
  18004	    172	   5852	  24028	   5ddc	spi.elf
Finished building: default.size.stdout
 
Finished building: spi.list
 
