15:46:42 **** Incremental Build of configuration Debug for project blinking_schemes ****
make -j8 all 
arm-none-eabi-gcc "../Core/Src/main.c" -mcpu=cortex-m4 -std=gnu11 -g3 -DDEBUG -DUSE_HAL_DRIVER -DSTM32F407xx -c -I../Core/Inc -I../Drivers/STM32F4xx_HAL_Driver/Inc -I../Drivers/STM32F4xx_HAL_Driver/Inc/Legacy -I../Drivers/CMSIS/Device/ST/STM32F4xx/Include -I../Drivers/CMSIS/Include -O0 -ffunction-sections -fdata-sections -Wall -fstack-usage -MMD -MP -MF"Core/Src/main.d" -MT"Core/Src/main.o" --specs=nano.specs -mfpu=fpv4-sp-d16 -mfloat-abi=hard -mthumb -o "Core/Src/main.o"
arm-none-eabi-gcc "../Core/Src/stm32f4xx_it.c" -mcpu=cortex-m4 -std=gnu11 -g3 -DDEBUG -DUSE_HAL_DRIVER -DSTM32F407xx -c -I../Core/Inc -I../Drivers/STM32F4xx_HAL_Driver/Inc -I../Drivers/STM32F4xx_HAL_Driver/Inc/Legacy -I../Drivers/CMSIS/Device/ST/STM32F4xx/Include -I../Drivers/CMSIS/Include -O0 -ffunction-sections -fdata-sections -Wall -fstack-usage -MMD -MP -MF"Core/Src/stm32f4xx_it.d" -MT"Core/Src/stm32f4xx_it.o" --specs=nano.specs -mfpu=fpv4-sp-d16 -mfloat-abi=hard -mthumb -o "Core/Src/stm32f4xx_it.o"
../Core/Src/main.c:31:6: warning: conflicting types for built-in function 'round'; expected 'double(double)' [-Wbuiltin-declaration-mismatch]
   31 | void round();
      |      ^~~~~
../Core/Src/main.c:22:1: note: 'round' is declared in header '<math.h>'
   21 | #include "stm32f4xx_it.h"
  +++ |+#include <math.h>
   22 | /* Private includes ----------------------------------------------------------*/
arm-none-eabi-gcc -o "blinking_schemes.elf" @"objects.list"   -mcpu=cortex-m4 -T"C:\Users\user\Desktop\GL_tasks\workshop_2\blinking_schemes\STM32F407VGTX_FLASH.ld" --specs=nosys.specs -Wl,-Map="blinking_schemes.map" -Wl,--gc-sections -static --specs=nano.specs -mfpu=fpv4-sp-d16 -mfloat-abi=hard -mthumb -Wl,--start-group -lc -lm -Wl,--end-group
Finished building target: blinking_schemes.elf
 
arm-none-eabi-size   blinking_schemes.elf 
arm-none-eabi-objdump -h -S  blinking_schemes.elf  > "blinking_schemes.list"
   text	   data	    bss	    dec	    hex	filename
   6920	     24	   1576	   8520	   2148	blinking_schemes.elf
Finished building: default.size.stdout
 
Finished building: blinking_schemes.list
 

15:46:43 Build Finished. 0 errors, 1 warnings. (took 734ms)

